// Vitest Snapshot v1, https://vitest.dev/guide/snapshot.html

exports[`UnittestTest > renders correctly 1`] = `
<card
  style="width: 35rem; overflow: hidden; margin: auto;"
/>
`;
